// Jest Snapshot v1, https://goo.gl/fbAQLP

exports[`Header renders correctly 1`] = `
Header {
  "_id": 1,
  "state": Object {
    "data": Object {
      "title": "JS Component POC",
    },
    "element": <div
      data-component="header"
    >
      
        
      <div
        class="nav"
      >
        
          JS Component POC Inventory Store Title
        
      </div>
      
      
    </div>,
  },
  "store": Object {
    "a": 11111,
    "b": 22222,
    "title": "Inventory Store Title",
  },
}
`;
